Found 6 rows.
Courier: Pathao | Orders: 16 | Delivered: 4 | Cancelled: 12
Courier: RedX | Orders: 7 | Delivered: 1 | Cancelled: 6
Courier: Steadfast | Orders: 18 | Delivered: 1 | Cancelled: 17
Courier: Paperfly | Orders: 0 | Delivered: 0 | Cancelled: 0
Courier: Parceldex | Orders: 0 | Delivered: 0 | Cancelled: 0
Courier: Carrybee | Orders: 1 | Delivered: 0 | Cancelled: 1
